
> music@1.0.0 build
> vite build

vite v8.0.10 building client environment for production...
[2Ktransforming...✓ 145 modules transformed.
[lightningcss minify] 'scale-105' is not recognized as a valid pseudo-class. Did you mean '::scale-105' (pseudo-element) or is this a typo?
2676 |  /* micro-animations: subtle scales for touch feedback */
2677 |  .group-hover\:scale-105:hover,
2678 |  .group-hover:scale-105:hover {
     |               ^
2679 |    transform: scale(1.05);
2680 |  }
rendering chunks...
computing gzip size...
dist/index.html                                  2.19 kB │ gzip:   0.98 kB
dist/assets/varela-round-P7AAbQHO.woff2         20.41 kB
dist/assets/favicon-CkJOO2Hj.png                39.97 kB
dist/assets/index-CZMT3j7x.css                  44.56 kB │ gzip:   8.98 kB
dist/assets/text-CcjAJeIm.js                     0.08 kB │ gzip:   0.09 kB
dist/assets/haptics-86dJCdqr.js                  0.42 kB │ gzip:   0.25 kB
dist/assets/web-Mtv5Id9C.js                      0.67 kB │ gzip:   0.33 kB
dist/assets/rolldown-runtime-S-ySWqyJ.js         0.69 kB │ gzip:   0.42 kB
dist/assets/toast-BlXy1o9n.js                    0.75 kB │ gzip:   0.42 kB
dist/assets/Share-CviTKj72.js                    2.30 kB │ gzip:   0.89 kB
dist/assets/Profile-BNcxQnxO.js                  2.34 kB │ gzip:   0.88 kB
dist/assets/Favorites-B_LdBXuj.js                2.34 kB │ gzip:   1.03 kB
dist/assets/Login-CmQ0eHtM.js                    2.43 kB │ gzip:   0.96 kB
dist/assets/ArtistDetail-XSM6DWqX.js             2.87 kB │ gzip:   1.35 kB
dist/assets/History-Bj0uunIQ.js                  3.97 kB │ gzip:   1.69 kB
dist/assets/PlayerPage-2HxB1Ey9.js               4.63 kB │ gzip:   1.50 kB
dist/assets/AlbumDetail-CUJoUyfg.js              4.67 kB │ gzip:   2.07 kB
dist/assets/offlineManager-BxFn0UNh.js           5.69 kB │ gzip:   2.02 kB
dist/assets/Artists-CtCHs2bK.js                  5.98 kB │ gzip:   2.29 kB
dist/assets/PlaylistDetail-C4CMXnxf.js           6.27 kB │ gzip:   2.50 kB
dist/assets/Download-Dq2hJu5I.js                 6.85 kB │ gzip:   2.35 kB
dist/assets/DownloadsManager-BgrDia7M.js         7.07 kB │ gzip:   2.45 kB
dist/assets/jsx-runtime-B1OHpPtP.js              7.11 kB │ gzip:   2.72 kB
dist/assets/QuickPlaylistDownload-CL0baa6h.js    8.18 kB │ gzip:   2.69 kB
dist/assets/Albums-BJkKD_8A.js                  12.24 kB │ gzip:   4.15 kB
dist/assets/AutoSizeText-CBudqWEi.js            14.70 kB │ gzip:   4.82 kB
dist/assets/Home-DLHdAo9I.js                    15.05 kB │ gzip:   4.35 kB
dist/assets/Playlists-CCyUUB6P.js               19.54 kB │ gzip:   5.44 kB
dist/assets/index-CU3Yyalg.js                  391.50 kB │ gzip: 119.14 kB

✗ Build failed in 1.25s
error during build:
Build failed with 1 error:

Error: [vite]: Rolldown failed to resolve import "@capacitor/device" from "/home/house/music-app/frontend/src/App.jsx".
This is most likely unintended because it can break your application at runtime.
If you do want to externalize this module explicitly add it to
`build.rollupOptions.external`
    at viteLog (file:///home/house/music-app/frontend/node_modules/vite/dist/node/chunks/node.js:33111:57)
    at file:///home/house/music-app/frontend/node_modules/vite/dist/node/chunks/node.js:33147:71
    at onwarn (file:///home/house/music-app/frontend/node_modules/@vitejs/plugin-react/dist/index.js:76:7)
    at file:///home/house/music-app/frontend/node_modules/vite/dist/node/chunks/node.js:33147:28
    at onRollupLog (file:///home/house/music-app/frontend/node_modules/vite/dist/node/chunks/node.js:33142:63)
    at onLog (file:///home/house/music-app/frontend/node_modules/vite/dist/node/chunks/node.js:32911:4)
    at file:///home/house/music-app/frontend/node_modules/rolldown/dist/shared/rolldown-build-DSxL8qiP.mjs:50:26
    at logger (file:///home/house/music-app/frontend/node_modules/rolldown/dist/shared/rolldown-build-DSxL8qiP.mjs:41:3)
    at onLog (file:///home/house/music-app/frontend/node_modules/rolldown/dist/shared/bindingify-input-options-DbbBhzky.mjs:1991:32)
    at aggregateBindingErrorsIntoJsError (file:///home/house/music-app/frontend/node_modules/rolldown/dist/shared/error-DL-e8-oE.mjs:48:18)
    at unwrapBindingResult (file:///home/house/music-app/frontend/node_modules/rolldown/dist/shared/error-DL-e8-oE.mjs:18:128)
    at #build (file:///home/house/music-app/frontend/node_modules/rolldown/dist/shared/rolldown-build-DSxL8qiP.mjs:3317:34)
    at async buildEnvironment (file:///home/house/music-app/frontend/node_modules/vite/dist/node/chunks/node.js:33018:64)
    at async Object.build (file:///home/house/music-app/frontend/node_modules/vite/dist/node/chunks/node.js:33440:19)
    at async Object.buildApp (file:///home/house/music-app/frontend/node_modules/vite/dist/node/chunks/node.js:33437:153)
    at async CAC.<anonymous> (file:///home/house/music-app/frontend/node_modules/vite/dist/node/cli.js:778:3) {
  errors: [Getter/Setter]
}
